Pathlist information for compiler and MPI systems are located in nmpathlist.txt

Starting NMTRAN
  
 WARNINGS AND ERRORS (IF ANY) FOR PROBLEM    1
             
 (WARNING  2) NM-TRAN INFERS THAT THE DATA ARE POPULATION.
  
Note: Analytical 2nd Derivatives are constructed in FSUBS but are never used.
      You may insert $ABBR DERIV2=NO after the first $PROB to save FSUBS construction and compilation time
  
Building NONMEM Executable
Starting nonmem execution ...
License Registered to: Human Predictions LLC
Expiration Date:    14 APR 2026
Current Date:        5 APR 2026
  **** WARNING!!! Days until program expires :   9 ****
  **** CONTACT idssoftware@iconplc.com FOR RENEWAL ****


 First Order Conditional Estimation with Interaction
 MONITORING OF SEARCH:


0ITERATION NO.:    0    OBJECTIVE VALUE:   52057.2298118054        NO. OF FUNC. EVALS.:   9
 CUMULATIVE NO. OF FUNC. EVALS.:        9
 NPARAMETR:  7.1000E+00  5.7000E+00  4.5000E+00  1.6000E+00  4.1000E+00  2.2000E-01  3.0000E-01  1.5000E-01  1.5000E-01  1.5000E-01
             1.5000E-01  1.5000E-01  1.5000E-01
 PARAMETER:  1.0000E-01  1.0000E-01  1.0000E-01  1.0000E-01  1.0000E-01  1.0000E-01  1.0000E-01  1.0000E-01  1.0000E-01  1.0000E-01
             1.0000E-01  1.0000E-01  1.0000E-01
 GRADIENT:   3.8379E+04 -4.1656E+03  1.7273E+04  6.2804E+02  1.5643E+04  2.8409E+02  2.7904E+03  4.3825E+01 -8.4377E+00  1.4872E+01
            -5.3256E-01 -4.6978E+01  1.8813E+01
0PRED EXIT CODE = 1
0INDIVIDUAL NO.      14   ID= 1.40000000000000E+01   (WITHIN-INDIVIDUAL) DATA REC NO.   4
 THETA=
 -1.42E+01   7.56E+00  -1.58E+00   1.52E+00  -9.13E-01   2.15E-01   2.95E-01
 ETA=
  1.12E-10  -7.84E-11  -3.29E+00   2.55E-01   3.57E+00   2.26E-02
 OCCURS DURING SEARCH FOR ETA AT A NONZERO VALUE OF ETA
 ERROR IN LSODA: CODE  -1                                                                                                            
0PRED EXIT CODE = 1
0INDIVIDUAL NO.       1   ID= 1.00000000000000E+00   (WITHIN-INDIVIDUAL) DATA REC NO.   5
 THETA=
  6.91E+00  -1.15E+01  -3.52E+00   1.02E+00  -4.65E+00   1.99E-01   2.80E-01
 OCCURS DURING SEARCH FOR ETA AT INITIAL VALUE, ETA=0
 ERROR IN LSODA: CODE  -5                                                                                                            
0PRED EXIT CODE = 1
0INDIVIDUAL NO.      58   ID= 5.80000000000000E+01   (WITHIN-INDIVIDUAL) DATA REC NO.  45
 THETA=
  6.74E+00  -2.87E+00   4.14E-01   1.31E+00  -3.36E-01   2.09E-01   2.90E-01
 ETA=
 -1.48E-02  -1.56E+01  -5.97E-01   2.38E-01  -1.51E-01  -1.24E+00
 OCCURS DURING SEARCH FOR ETA AT A NONZERO VALUE OF ETA
 ERROR IN LSODA: CODE  -5                                                                                                            

0ITERATION NO.:    5    OBJECTIVE VALUE:   51126.0972546835        NO. OF FUNC. EVALS.: 125
 CUMULATIVE NO. OF FUNC. EVALS.:      134
 NPARAMETR:  6.7380E+00  5.5242E+00  4.2913E+00  1.5829E+00  3.8287E+00  6.6704E-02  1.9178E-01  1.5775E-01  1.3956E-01  1.2963E-01
             1.4991E-01  1.3975E-01  1.2768E-01
 PARAMETER:  9.4901E-02  9.6916E-02  9.5363E-02  9.8934E-02  9.3382E-02  3.0320E-02 -4.9117E-01  1.2518E-01  6.3939E-02  2.7028E-02
             9.9711E-02  6.4625E-02  1.9461E-02
 GRADIENT:   1.0735E+05 -2.2096E+04  5.9811E+03  7.7644E+02  7.3950E+03  2.7564E+02 -9.6326E+02  4.8699E+01 -1.3417E+01  4.9583E+01
            -2.2851E+01 -1.2785E+00 -8.3319E+00

0ITERATION NO.:   10    OBJECTIVE VALUE:   50942.9740478673        NO. OF FUNC. EVALS.: 135
 CUMULATIVE NO. OF FUNC. EVALS.:      269
 NPARAMETR:  7.0229E+00  5.9221E+00  4.2540E+00  1.5646E+00  3.6200E+00 -3.7879E-02  2.0249E-01  8.7788E-02  1.3955E-01  1.1268E-01
             1.5447E+00  9.0677E-02  1.5121E-01
 PARAMETER:  9.8914E-02  1.0390E-01  9.4534E-02  9.7789E-02  8.8294E-02 -1.7218E-02 -4.2348E-01 -1.6785E-01  6.3882E-02 -4.3043E-02
             1.2660E+00 -1.5166E-01  1.0402E-01
 GRADIENT:   4.4245E+04  1.0644E+04  5.6113E+03  5.8015E+01  4.5835E+02  3.4810E+01 -3.0131E-01  2.6045E+01  4.2502E+00  3.2901E+01
             2.2953E+01  1.0601E+01  1.2342E+01

0ITERATION NO.:   15    OBJECTIVE VALUE:   50921.3025665107        NO. OF FUNC. EVALS.: 144
 CUMULATIVE NO. OF FUNC. EVALS.:      413
 NPARAMETR:  7.0844E+00  6.0463E+00  4.2709E+00  1.4685E+00  3.6498E+00 -7.1734E-02  2.0252E-01  6.4681E-02  1.3146E-01  8.7343E-02
             1.0221E+00  5.5576E-02  1.2810E-01
 PARAMETER:  9.9780E-02  1.0608E-01  9.4909E-02  9.1780E-02  8.9021E-02 -3.2607E-02 -4.2331E-01 -3.2058E-01  3.4022E-02 -1.7040E-01
             1.0595E+00 -3.9644E-01  2.1073E-02
 GRADIENT:   8.0956E+04 -1.6152E+04  3.5942E+03  6.3824E+01  5.6004E+02 -5.0036E+00 -9.9784E+00 -4.0635E+00 -8.3725E+00 -1.5467E+01
             9.3141E-01 -6.3790E+00  4.0706E+00

0ITERATION NO.:   20    OBJECTIVE VALUE:   50871.3575992091        NO. OF FUNC. EVALS.: 138
 CUMULATIVE NO. OF FUNC. EVALS.:      551
 NPARAMETR:  7.0846E+00  6.0610E+00  4.3133E+00  5.0159E-01  3.7573E+00  1.5114E-02  2.0158E-01  1.1175E-01  1.5674E-01  9.0688E-02
             6.6600E-01  4.4206E-02  1.3085E-01
 PARAMETER:  9.9783E-02  1.0633E-01  9.5851E-02  3.1349E-02  9.1643E-02  6.8699E-03 -4.2917E-01 -4.7167E-02  1.2197E-01 -1.5160E-01
             8.4533E-01 -5.1088E-01  3.1698E-02
 GRADIENT:   8.1129E+04 -1.5802E+04  9.9758E+02  2.3379E+02  1.0175E+03 -3.3209E+01 -1.5851E-01  2.1476E+01  2.9622E+00  3.2464E-01
             2.2112E+01 -1.2787E+00 -8.2020E-02

0ITERATION NO.:   25    OBJECTIVE VALUE:   50863.5302524994        NO. OF FUNC. EVALS.:  95
 CUMULATIVE NO. OF FUNC. EVALS.:      646
 NPARAMETR:  7.0784E+00  6.1216E+00  4.3321E+00  2.9305E-01  3.7354E+00  5.8577E-02  2.0145E-01  9.3117E-02  1.5787E-01  9.0879E-02
             3.6812E-01  5.5106E-02  1.3077E-01
 PARAMETER:  9.9695E-02  1.0740E-01  9.6268E-02  1.8316E-02  9.1108E-02  2.6626E-02 -4.2995E-01 -1.3839E-01  1.2557E-01 -1.5055E-01
             5.4888E-01 -4.0069E-01  3.1412E-02
 GRADIENT:   7.7121E+04 -1.3942E+04  7.4806E+02 -1.9267E+02  3.5398E+02 -1.3102E+01 -1.6380E+01  5.0859E+00 -2.5570E+00  1.7041E+00
             1.3166E+00 -1.1326E+00 -1.3668E+00
 Elapsed estimation  time in seconds:  1560.74
 Elapsed postprocess time in seconds:     3.82
 Elapsed finaloutput time in seconds:     0.25
 ERROR IN CLOSING FILES
Done with nonmem execution
cat: runODE069.lstinterim: No such file or directory
