Pathlist information for compiler and MPI systems are located in nmpathlist.txt

Starting NMTRAN
  
 WARNINGS AND ERRORS (IF ANY) FOR PROBLEM    1
             
 (WARNING  2) NM-TRAN INFERS THAT THE DATA ARE POPULATION.
  
Note: Analytical 2nd Derivatives are constructed in FSUBS but are never used.
      You may insert $ABBR DERIV2=NO after the first $PROB to save FSUBS construction and compilation time
  
cat: newline: No such file or directory
cat: newline: No such file or directory
Building NONMEM Executable
Starting nonmem execution ...

Program received signal SIGSEGV: Segmentation fault - invalid memory reference.

Backtrace for this error:
#0  0x7b022803ee59 in ???
#1  0x7b022803de75 in ???
#2  0x7b0227c3e32f in ???
#3  0x647a4c400e61 in ???
#4  0x647a4c509bef in ???
#5  0x647a4c4f1f9b in ???
#6  0x647a4c502004 in ???
#7  0x647a4c5c314f in ???
#8  0x647a4c498ab5 in ???
#9  0x647a4c451c96 in ???
#10  0x647a4c3f9753 in ???
#11  0x7b0227c231c9 in ???
#12  0x7b0227c2328a in ???
#13  0x647a4c3f97d4 in ???
#14  0xffffffffffffffff in ???
/opt/NONMEM/nm_current/util/nmfe: line 468:    61 Segmentation fault      (core dumped) ./$nmexec $1 $3 -licfile=$lfile $* -nmexec=$nmexec
Done with nonmem execution
