Pathlist information for compiler and MPI systems are located in nmpathlist.txt

Starting NMTRAN
  
 WARNINGS AND ERRORS (IF ANY) FOR PROBLEM    1
             
 (WARNING  2) NM-TRAN INFERS THAT THE DATA ARE POPULATION.
  
Note: Analytical 2nd Derivatives are constructed in FSUBS but are never used.
      You may insert $ABBR DERIV2=NO after the first $PROB to save FSUBS construction and compilation time
  
Recompiling certain components
Building NONMEM Executable
Starting nonmem execution ...
License Registered to: Human Predictions LLC
Expiration Date:    14 APR 2026
Current Date:        5 APR 2026
  **** WARNING!!! Days until program expires :   9 ****
  **** CONTACT idssoftware@iconplc.com FOR RENEWAL ****


 First Order Conditional Estimation with Interaction
 MONITORING OF SEARCH:


0ITERATION NO.:    0    OBJECTIVE VALUE:   19872.8159468581        NO. OF FUNC. EVALS.:   9
 CUMULATIVE NO. OF FUNC. EVALS.:        9
 NPARAMETR:  7.1000E+00  5.7000E+00  4.5000E+00  1.6000E+00  4.1000E+00  2.2000E-01  3.0000E-01  1.5000E-01  1.5000E-01  1.5000E-01
             1.5000E-01  1.5000E-01  1.5000E-01
 PARAMETER:  1.0000E-01  1.0000E-01  1.0000E-01  1.0000E-01  1.0000E-01  1.0000E-01  1.0000E-01  1.0000E-01  1.0000E-01  1.0000E-01
             1.0000E-01  1.0000E-01  1.0000E-01
 GRADIENT:   1.4410E+04  4.6163E+02  1.5071E+04  2.3994E+03  6.8632E+03  5.2382E+02  1.2446E+03  7.0149E+01  2.9530E+01  1.8680E+01
            -1.8998E+00  2.7487E+01  2.9700E+01
0PRED EXIT CODE = 1
0INDIVIDUAL NO.       1   ID= 1.00000000000000E+00   (WITHIN-INDIVIDUAL) DATA REC NO.  14
 THETA=
 -1.33E+01   5.18E+00  -9.00E+00   8.36E-01  -1.50E+00   1.97E-01   2.95E-01
 OCCURS DURING SEARCH FOR ETA AT INITIAL VALUE, ETA=0
 ERROR IN LSODA: CODE  -1                                                                                                            
0PRED EXIT CODE = 1
0INDIVIDUAL NO.       1   ID= 1.00000000000000E+00   (WITHIN-INDIVIDUAL) DATA REC NO.  12
 THETA=
  8.98E+00  -1.14E+01  -5.89E+00   2.30E-01  -9.79E-01   1.72E-01   2.89E-01
 OCCURS DURING SEARCH FOR ETA AT INITIAL VALUE, ETA=0
 ERROR IN LSODA: CODE  -5                                                                                                            
0PRED EXIT CODE = 1
0INDIVIDUAL NO.      21   ID= 2.10000000000000E+01   (WITHIN-INDIVIDUAL) DATA REC NO.  19
 THETA=
  7.91E+00  -2.85E+00  -7.80E-01   9.10E-01   1.53E+00   1.96E-01   2.95E-01
 ETA=
 -1.28E+00  -1.23E+01  -7.93E-01  -8.58E-01   1.81E+00  -1.07E+00
 OCCURS DURING SEARCH FOR ETA AT A NONZERO VALUE OF ETA
 ERROR IN LSODA: CODE  -5                                                                                                            

0ITERATION NO.:    5    OBJECTIVE VALUE:   19797.7235724714        NO. OF FUNC. EVALS.:  62
 CUMULATIVE NO. OF FUNC. EVALS.:       71
 NPARAMETR:  6.6023E+00  5.0920E+00  4.2933E+00  1.3019E+00  3.8983E+00  2.0714E-01  2.9644E-01  1.4988E-01  1.4995E-01  1.4985E-01
             1.4993E-01  1.4979E-01  1.4985E-01
 PARAMETER:  9.2990E-02  8.9333E-02  9.5406E-02  8.1368E-02  9.5080E-02  9.4154E-02  8.3012E-02  9.9585E-02  9.9843E-02  9.9512E-02
             9.9768E-02  9.9313E-02  9.9491E-02
 GRADIENT:   3.8514E+03  1.8166E+03 -1.8387E+03  4.3698E+02 -3.6171E+03  3.5743E+02  1.3207E+03  7.0469E+01  2.8845E+01  5.7837E+01
             1.8510E+01  3.8543E+01  5.1062E+01

0ITERATION NO.:   10    OBJECTIVE VALUE:   19327.5097290125        NO. OF FUNC. EVALS.:  98
 CUMULATIVE NO. OF FUNC. EVALS.:      169             RESET HESSIAN, TYPE I
 NPARAMETR:  6.6560E+00  5.1264E+00  4.2344E+00  1.4489E+00  4.0281E+00 -3.2050E-02  2.0045E-01  1.2074E-01  9.5400E-02  1.3249E-01
             1.0344E-01  8.8536E-02  8.7446E-02
 PARAMETER:  9.3747E-02  8.9938E-02  9.4098E-02  9.0554E-02  9.8247E-02 -1.4568E-02 -4.3616E-01 -8.4924E-03 -1.2628E-01  3.7919E-02
            -8.5815E-02 -1.6361E-01 -1.6981E-01
 GRADIENT:   1.7479E+04  2.2984E+03  5.0909E+03  3.7135E+02  1.1646E+03 -3.4984E+01 -1.8155E+01  4.8691E+01  1.2042E+01  3.2045E+01
            -3.6411E+00  2.3280E+01  7.2602E+00

0ITERATION NO.:   15    OBJECTIVE VALUE:   19317.5869656101        NO. OF FUNC. EVALS.: 114
 CUMULATIVE NO. OF FUNC. EVALS.:      283
 NPARAMETR:  6.6149E+00  5.0935E+00  4.2564E+00  1.3983E+00  4.0288E+00  8.8172E-04  2.0211E-01  8.7895E-02  6.3869E-02  1.1023E-01
             1.3184E-01  5.7325E-02  8.1590E-02
 PARAMETER:  9.3167E-02  8.9360E-02  9.4587E-02  8.7393E-02  9.8263E-02  4.0078E-04 -4.2588E-01 -1.6724E-01 -3.2690E-01 -5.4052E-02
             3.5496E-02 -3.8095E-01 -2.0446E-01
 GRADIENT:   2.9019E+04 -5.8841E+03  1.9948E+03  9.2887E+01  5.3083E+02  3.3851E+01  1.6535E+01 -3.9754E-01 -1.3994E+00 -9.8272E-02
            -7.7140E-01  1.9305E+00  1.6691E+00

0ITERATION NO.:   20    OBJECTIVE VALUE:   19315.6198870845        NO. OF FUNC. EVALS.: 151
 CUMULATIVE NO. OF FUNC. EVALS.:      434             RESET HESSIAN, TYPE I
 NPARAMETR:  6.6454E+00  5.1485E+00  4.2646E+00  1.3949E+00  4.0201E+00  9.7734E-03  2.0153E-01  8.6179E-02  6.8656E-02  1.1047E-01
             1.3661E-01  5.5245E-02  8.0089E-02
 PARAMETER:  9.3598E-02  9.0325E-02  9.4769E-02  8.7182E-02  9.8052E-02  4.4424E-03 -4.2943E-01 -1.7711E-01 -2.9076E-01 -5.2957E-02
             5.3242E-02 -3.9943E-01 -2.1375E-01
 GRADIENT:   1.4354E+04  3.1654E+03  6.1874E+03  2.0048E+02  1.2383E+03  7.2546E+01  1.5454E-01  2.1098E+00 -9.4060E-01  4.0305E-01
            -8.2158E-01  9.1641E-02 -5.1863E-01

0ITERATION NO.:   25    OBJECTIVE VALUE:   19315.0377019124        NO. OF FUNC. EVALS.: 135
 CUMULATIVE NO. OF FUNC. EVALS.:      569
 NPARAMETR:  6.6559E+00  5.1746E+00  4.2669E+00  1.3592E+00  4.0101E+00 -1.9512E-02  2.0156E-01  8.5100E-02  7.2270E-02  1.1026E-01
             1.3713E-01  5.5183E-02  8.0414E-02
 PARAMETER:  9.3745E-02  9.0783E-02  9.4819E-02  8.4952E-02  9.7807E-02 -8.8689E-03 -4.2925E-01 -1.8341E-01 -2.6511E-01 -5.3906E-02
             5.5157E-02 -3.9999E-01 -2.1172E-01
 GRADIENT:   2.7733E+04 -5.4409E+03  2.8891E+03 -2.7455E+02  1.2298E+02 -8.8423E+01  1.5012E+00  3.0982E+00 -6.6724E-03 -3.5143E-01
             5.1143E-01 -4.9927E-02  3.9636E-01

0ITERATION NO.:   30    OBJECTIVE VALUE:   19313.1112021047        NO. OF FUNC. EVALS.: 151
 CUMULATIVE NO. OF FUNC. EVALS.:      720
 NPARAMETR:  6.6882E+00  5.2288E+00  4.2657E+00  1.3636E+00  3.9959E+00 -2.0291E-02  2.0164E-01  8.0476E-02  7.7368E-02  1.1036E-01
             1.3492E-01  5.5049E-02  8.0341E-02
 PARAMETER:  9.4201E-02  9.1734E-02  9.4793E-02  8.5223E-02  9.7462E-02 -9.2234E-03 -4.2877E-01 -2.1134E-01 -2.3103E-01 -5.3450E-02
             4.7013E-02 -4.0121E-01 -2.1218E-01
 GRADIENT:   2.7155E+04 -5.2043E+03  2.8725E+03 -2.2815E+02 -1.1191E+01 -8.4404E+01  2.9610E+00  1.9955E+00  5.5585E-03 -4.0738E-01
             3.2132E-01 -1.1134E-01  1.6172E-01

0ITERATION NO.:   35    OBJECTIVE VALUE:   19312.9058077847        NO. OF FUNC. EVALS.: 141
 CUMULATIVE NO. OF FUNC. EVALS.:      861
 NPARAMETR:  6.7121E+00  5.2510E+00  4.2640E+00  1.3480E+00  3.9876E+00 -3.1134E-02  2.0162E-01  7.7829E-02  8.1771E-02  1.1047E-01
             1.3347E-01  5.5169E-02  8.1240E-02
 PARAMETER:  9.4537E-02  9.2122E-02  9.4756E-02  8.4251E-02  9.7260E-02 -1.4152E-02 -4.2891E-01 -2.2806E-01 -2.0335E-01 -5.2964E-02
             4.1614E-02 -4.0012E-01 -2.0661E-01
 GRADIENT:   2.8437E+04 -5.8803E+03  2.7454E+03 -4.3624E+02 -1.0365E+02 -1.3903E+02  1.8970E+00  2.6807E+00  2.7111E-01 -2.9756E-01
             5.0868E-01 -1.2636E-01  4.7623E-01

0ITERATION NO.:   40    OBJECTIVE VALUE:   19308.2362929551        NO. OF FUNC. EVALS.: 168
 CUMULATIVE NO. OF FUNC. EVALS.:     1029             RESET HESSIAN, TYPE I
 NPARAMETR:  6.8155E+00  5.4209E+00  4.2625E+00  1.4067E+00  3.9567E+00  1.5683E-02  2.0151E-01  6.5967E-02  9.4315E-02  1.1091E-01
             1.2882E-01  5.5890E-02  7.6229E-02
 PARAMETER:  9.5992E-02  9.5104E-02  9.4723E-02  8.7922E-02  9.6506E-02  7.1284E-03 -4.2957E-01 -3.1074E-01 -1.3200E-01 -5.0945E-02
             2.3878E-02 -3.9363E-01 -2.3845E-01
 GRADIENT:   1.3285E+04  5.0463E+03  6.2245E+03  3.8469E+02  1.0854E+03  1.3261E+02 -6.1195E+00  4.1312E-01 -2.5112E-01  6.3485E-02
            -1.3216E+00 -5.5861E-01 -7.2961E+00

0ITERATION NO.:   45    OBJECTIVE VALUE:   19306.4616516758        NO. OF FUNC. EVALS.: 154
 CUMULATIVE NO. OF FUNC. EVALS.:     1183
 NPARAMETR:  6.8407E+00  5.4377E+00  4.2635E+00  1.3952E+00  3.9444E+00 -4.9104E-03  2.0176E-01  6.4182E-02  9.3786E-02  1.1078E-01
             1.2641E-01  5.7049E-02  8.2706E-02
 PARAMETER:  9.6348E-02  9.5398E-02  9.4745E-02  8.7199E-02  9.6205E-02 -2.2320E-03 -4.2806E-01 -3.2446E-01 -1.3481E-01 -5.1545E-02
             1.4457E-02 -3.8336E-01 -1.9767E-01
 GRADIENT:   2.8987E+04 -5.9271E+03  2.9845E+03  1.1188E+02  3.1043E+02  2.5034E+01  9.6685E-01  3.9507E-01 -4.3062E-01 -4.7761E-02
             3.5250E-01  3.9487E-01  2.2116E+00

0ITERATION NO.:   50    OBJECTIVE VALUE:   19305.8640648619        NO. OF FUNC. EVALS.: 167
 CUMULATIVE NO. OF FUNC. EVALS.:     1350             RESET HESSIAN, TYPE I
 NPARAMETR:  6.8579E+00  5.4649E+00  4.2611E+00  1.3825E+00  3.9382E+00 -1.0196E-02  2.0172E-01  6.3044E-02  9.5161E-02  1.1090E-01
             1.3490E-01  5.6589E-02  8.0921E-02
 PARAMETER:  9.6590E-02  9.5876E-02  9.4691E-02  8.6406E-02  9.6054E-02 -4.6344E-03 -4.2826E-01 -3.3340E-01 -1.2753E-01 -5.1000E-02
             4.6957E-02 -3.8741E-01 -2.0858E-01
 GRADIENT:   1.5047E+04  4.2499E+03  6.2607E+03  1.0832E+01  5.8040E+02 -2.8453E-01  2.9680E+00  4.1290E-01 -1.5266E-01 -4.2791E-03
             1.5121E+00  1.4473E-01  5.4329E-01

0ITERATION NO.:   55    OBJECTIVE VALUE:   19305.2509186653        NO. OF FUNC. EVALS.: 138
 CUMULATIVE NO. OF FUNC. EVALS.:     1488
 NPARAMETR:  6.8828E+00  5.5112E+00  4.2618E+00  1.3904E+00  3.9353E+00 -5.6195E-03  2.0148E-01  6.2089E-02  9.6839E-02  1.1094E-01
             1.1811E-01  5.5702E-02  7.9266E-02
 PARAMETER:  9.6941E-02  9.6688E-02  9.4707E-02  8.6903E-02  9.5983E-02 -2.5543E-03 -4.2979E-01 -3.4103E-01 -1.1879E-01 -5.0837E-02
            -1.9504E-02 -3.9531E-01 -2.1891E-01
 GRADIENT:   2.8132E+04 -5.4210E+03  2.9062E+03  9.3127E+01  6.3385E+02  3.0573E+01 -1.0599E+01  1.2708E+00  1.0096E-01 -4.6710E-01
            -1.0480E+00 -1.1371E+00 -2.6878E+00

0ITERATION NO.:   60    OBJECTIVE VALUE:   19305.0334343414        NO. OF FUNC. EVALS.: 153
 CUMULATIVE NO. OF FUNC. EVALS.:     1641
 NPARAMETR:  6.9005E+00  5.5187E+00  4.2602E+00  1.3930E+00  3.9275E+00  1.0244E-03  2.0170E-01  6.0904E-02  9.6348E-02  1.1100E-01
             1.2074E-01  5.6973E-02  8.0692E-02
 PARAMETER:  9.7190E-02  9.6820E-02  9.4671E-02  8.7065E-02  9.5793E-02  4.6563E-04 -4.2844E-01 -3.5066E-01 -1.2133E-01 -5.0545E-02
            -8.5093E-03 -3.8403E-01 -2.1000E-01
 GRADIENT:   2.9937E+04 -6.3423E+03  2.6786E+03  1.1845E+02  6.0979E+02  6.0906E+01 -4.3385E+00  1.0808E+00 -3.2915E-01  1.3105E-02
            -1.3215E-01 -3.5625E-01 -1.0869E+00

0ITERATION NO.:   65    OBJECTIVE VALUE:   19304.7516274575        NO. OF FUNC. EVALS.: 111
 CUMULATIVE NO. OF FUNC. EVALS.:     1752
 NPARAMETR:  6.8988E+00  5.5267E+00  4.2601E+00  1.3780E+00  3.9239E+00 -1.1733E-02  2.0176E-01  6.0695E-02  9.6792E-02  1.1101E-01
             1.2494E-01  5.7335E-02  8.1050E-02
 PARAMETER:  9.7166E-02  9.6960E-02  9.4669E-02  8.6124E-02  9.5705E-02 -5.3330E-03 -4.2805E-01 -3.5239E-01 -1.1903E-01 -5.0501E-02
             8.6136E-03 -3.8086E-01 -2.0779E-01
 GRADIENT:   2.8775E+04 -5.9026E+03  2.6613E+03 -5.1746E+01  1.9114E+02 -8.6276E+00  1.0017E-01  6.8952E-01  3.4423E-02 -4.4749E-03
             7.6593E-01  1.2821E-02  1.9936E-01

0ITERATION NO.:   70    OBJECTIVE VALUE:   19304.5247797237        NO. OF FUNC. EVALS.: 157
 CUMULATIVE NO. OF FUNC. EVALS.:     1909
 NPARAMETR:  6.9113E+00  5.5426E+00  4.2605E+00  1.3888E+00  3.9152E+00 -9.9023E-03  2.0197E-01  5.9348E-02  9.7171E-02  1.1123E-01
             1.3010E-01  5.8615E-02  8.1872E-02
 PARAMETER:  9.7343E-02  9.7239E-02  9.4677E-02  8.6801E-02  9.5492E-02 -4.5010E-03 -4.2675E-01 -3.6361E-01 -1.1708E-01 -4.9516E-02
             2.8820E-02 -3.6982E-01 -2.0274E-01
 GRADIENT:   2.8875E+04 -5.9926E+03  2.7448E+03  3.9875E+01 -8.7242E+01  4.8669E+00  7.1385E+00  1.5393E-01  2.6487E-03  4.4300E-01
             1.9079E+00  9.6074E-01  1.4319E+00

0ITERATION NO.:   75    OBJECTIVE VALUE:   19304.1697994187        NO. OF FUNC. EVALS.: 152
 CUMULATIVE NO. OF FUNC. EVALS.:     2061
 NPARAMETR:  6.9268E+00  5.5648E+00  4.2595E+00  1.3852E+00  3.9153E+00 -1.0807E-02  2.0180E-01  5.9324E-02  9.8637E-02  1.1124E-01
             1.2548E-01  5.7808E-02  8.0836E-02
 PARAMETER:  9.7560E-02  9.7627E-02  9.4656E-02  8.6572E-02  9.5496E-02 -4.9122E-03 -4.2778E-01 -3.6381E-01 -1.0959E-01 -4.9481E-02
             1.0745E-02 -3.7675E-01 -2.0911E-01
 GRADIENT:   2.9123E+04 -6.0485E+03  2.7053E+03  6.0537E+00  2.1617E+02  4.4960E+00  7.2413E-01  1.4379E+00  6.1504E-01  1.8583E-01
             1.0612E+00  1.9934E-01 -1.3970E-01

0ITERATION NO.:   80    OBJECTIVE VALUE:   19303.9350725957        NO. OF FUNC. EVALS.: 150
 CUMULATIVE NO. OF FUNC. EVALS.:     2211
 NPARAMETR:  6.9379E+00  5.5817E+00  4.2594E+00  1.3857E+00  3.9081E+00 -1.2246E-02  2.0191E-01  5.8742E-02  9.9861E-02  1.1131E-01
             1.1851E-01  5.8577E-02  8.1589E-02
 PARAMETER:  9.7716E-02  9.7924E-02  9.4652E-02  8.6605E-02  9.5318E-02 -5.5663E-03 -4.2710E-01 -3.6874E-01 -1.0343E-01 -4.9169E-02
            -1.7821E-02 -3.7015E-01 -2.0447E-01
 GRADIENT:   2.8955E+04 -5.9987E+03  2.7063E+03  6.7359E+00  4.6624E+01 -1.5558E+00  2.8207E+00  2.0022E+00  1.2776E+00  2.2529E-01
             7.9125E-01  4.0739E-01  4.9417E-01

0ITERATION NO.:   85    OBJECTIVE VALUE:   19303.6709201809        NO. OF FUNC. EVALS.: 164
 CUMULATIVE NO. OF FUNC. EVALS.:     2375             RESET HESSIAN, TYPE I
 NPARAMETR:  6.9552E+00  5.6031E+00  4.2587E+00  1.3846E+00  3.9050E+00 -1.2438E-02  2.0185E-01  5.5630E-02  9.6010E-02  1.1133E-01
             1.1286E-01  5.8282E-02  8.1429E-02
 PARAMETER:  9.7960E-02  9.8300E-02  9.4639E-02  8.6535E-02  9.5243E-02 -5.6535E-03 -4.2749E-01 -3.9595E-01 -1.2309E-01 -4.9088E-02
            -4.2242E-02 -3.7267E-01 -2.0545E-01
 GRADIENT:   1.5708E+04  4.6688E+03  6.2365E+03  1.0047E+01  7.3743E+02  6.3858E+00 -2.5600E-01 -2.5720E+00 -2.3812E+00  6.7431E-02
             3.2888E-01 -2.3633E-01 -1.1036E-01

0ITERATION NO.:   90    OBJECTIVE VALUE:   19303.5910496721        NO. OF FUNC. EVALS.: 135
 CUMULATIVE NO. OF FUNC. EVALS.:     2510
 NPARAMETR:  6.9577E+00  5.6107E+00  4.2589E+00  1.3858E+00  3.9012E+00 -1.2886E-02  2.0189E-01  5.7795E-02  1.0149E-01  1.1129E-01
             1.1047E-01  5.8737E-02  8.1497E-02
 PARAMETER:  9.7996E-02  9.8433E-02  9.4642E-02  8.6611E-02  9.5151E-02 -5.8573E-03 -4.2720E-01 -3.7687E-01 -9.5361E-02 -4.9228E-02
            -5.2966E-02 -3.6879E-01 -2.0503E-01
 GRADIENT:   2.8958E+04 -5.9915E+03  2.7071E+03  5.3221E+00  7.6208E+01 -9.9848E-01  3.1185E-01  2.6067E+00  1.8588E+00 -7.6083E-02
             2.9129E-01  3.1493E-02 -8.8635E-02

0ITERATION NO.:   95    OBJECTIVE VALUE:   19303.4211516039        NO. OF FUNC. EVALS.: 164
 CUMULATIVE NO. OF FUNC. EVALS.:     2674             RESET HESSIAN, TYPE I
 NPARAMETR:  6.9691E+00  5.6242E+00  4.2583E+00  1.3858E+00  3.8982E+00 -1.3059E-02  2.0191E-01  5.5188E-02  9.6731E-02  1.1141E-01
             1.0467E-01  5.9000E-02  8.1727E-02
 PARAMETER:  9.8157E-02  9.8670E-02  9.4630E-02  8.6611E-02  9.5079E-02 -5.9359E-03 -4.2711E-01 -3.9994E-01 -1.1935E-01 -4.8727E-02
            -7.9915E-02 -3.6655E-01 -2.0362E-01
 GRADIENT:   1.5586E+04  4.8304E+03  6.2300E+03  1.5578E+01  6.7483E+02  6.1252E+00 -1.0538E-01 -1.9017E+00 -1.9050E+00 -2.2380E-02
             5.1439E-02 -2.6171E-01 -1.6742E-01

0ITERATION NO.:  100    OBJECTIVE VALUE:   19303.3096696938        NO. OF FUNC. EVALS.: 143
 CUMULATIVE NO. OF FUNC. EVALS.:     2817
 NPARAMETR:  6.9757E+00  5.6335E+00  4.2581E+00  1.3867E+00  3.8952E+00 -1.3446E-02  2.0193E-01  5.5079E-02  9.8093E-02  1.1147E-01
             1.0090E-01  5.9433E-02  8.1843E-02
 PARAMETER:  9.8249E-02  9.8833E-02  9.4624E-02  8.6667E-02  9.5004E-02 -6.1117E-03 -4.2695E-01 -4.0093E-01 -1.1236E-01 -4.8432E-02
            -9.8277E-02 -3.6289E-01 -2.0291E-01
 GRADIENT:   2.9149E+04 -6.1280E+03  2.6961E+03 -9.0748E+00  2.2534E+02  1.7050E+00 -1.2318E+00 -1.0040E+00 -1.1479E+00 -4.6535E-02
             7.2182E-03 -2.6070E-01 -2.2350E-01

0ITERATION NO.:  105    OBJECTIVE VALUE:   19303.1553040184        NO. OF FUNC. EVALS.: 162
 CUMULATIVE NO. OF FUNC. EVALS.:     2979             RESET HESSIAN, TYPE I
 NPARAMETR:  6.9876E+00  5.6513E+00  4.2575E+00  1.3891E+00  3.8886E+00 -1.4411E-02  2.0200E-01  5.5603E-02  1.0269E-01  1.1160E-01
             9.8016E-02  6.0500E-02  8.2163E-02
 PARAMETER:  9.8417E-02  9.9145E-02  9.4610E-02  8.6819E-02  9.4843E-02 -6.5505E-03 -4.2651E-01 -3.9620E-01 -8.9484E-02 -4.7842E-02
            -1.1275E-01 -3.5399E-01 -2.0097E-01
 GRADIENT:   1.5531E+04  4.9913E+03  6.1951E+03  3.3248E+01  4.2828E+02  3.0403E+00  2.3958E+00  2.2660E+00  1.8402E+00 -7.8265E-04
             3.1983E-01  6.0976E-02  6.9336E-02

0ITERATION NO.:  110    OBJECTIVE VALUE:   19303.0662163473        NO. OF FUNC. EVALS.: 144
 CUMULATIVE NO. OF FUNC. EVALS.:     3123
 NPARAMETR:  6.9935E+00  5.6591E+00  4.2572E+00  1.3898E+00  3.8865E+00 -1.4692E-02  2.0202E-01  5.4937E-02  1.0182E-01  1.1163E-01
             9.4722E-02  6.0984E-02  8.2280E-02
 PARAMETER:  9.8500E-02  9.9282E-02  9.4605E-02  8.6862E-02  9.4793E-02 -6.6782E-03 -4.2645E-01 -4.0223E-01 -9.3728E-02 -4.7743E-02
            -1.2984E-01 -3.5001E-01 -2.0025E-01
 GRADIENT:   2.9152E+04 -6.1343E+03  2.6742E+03  2.8477E+00  5.7398E+01 -4.3247E-01  7.5668E-01  1.4700E+00  1.1128E+00 -9.0436E-02
             2.8940E-01  2.3701E-02  2.7853E-02

0ITERATION NO.:  115    OBJECTIVE VALUE:   19302.9763374623        NO. OF FUNC. EVALS.: 161
 CUMULATIVE NO. OF FUNC. EVALS.:     3284             RESET HESSIAN, TYPE I
 NPARAMETR:  7.0006E+00  5.6682E+00  4.2569E+00  1.3907E+00  3.8841E+00 -1.5073E-02  2.0202E-01  5.4359E-02  9.7889E-02  1.1175E-01
             8.9750E-02  6.1455E-02  8.2419E-02
 PARAMETER:  9.8600E-02  9.9442E-02  9.4597E-02  8.6919E-02  9.4734E-02 -6.8514E-03 -4.2641E-01 -4.0751E-01 -1.1340E-01 -4.7169E-02
            -1.5680E-01 -3.4616E-01 -1.9941E-01
 GRADIENT:   1.5644E+04  5.0152E+03  6.2067E+03  2.1975E+01  5.5822E+02  5.0313E+00  9.9177E-01 -4.6808E-01 -9.5134E-01 -5.7407E-02
             1.2095E-01 -1.1029E-01 -7.3806E-02

0ITERATION NO.:  120    OBJECTIVE VALUE:   19302.8985810295        NO. OF FUNC. EVALS.: 148
 CUMULATIVE NO. OF FUNC. EVALS.:     3432
 NPARAMETR:  7.0082E+00  5.6794E+00  4.2565E+00  1.3918E+00  3.8814E+00 -1.5540E-02  2.0203E-01  5.3248E-02  9.7418E-02  1.1189E-01
             8.5823E-02  6.2096E-02  8.2603E-02
 PARAMETER:  9.8707E-02  9.9638E-02  9.4589E-02  8.6989E-02  9.4669E-02 -7.0634E-03 -4.2633E-01 -4.1784E-01 -1.1581E-01 -4.6565E-02
            -1.7917E-01 -3.4098E-01 -1.9829E-01
 GRADIENT:   2.9116E+04 -6.1538E+03  2.6835E+03 -5.8508E+00  1.7811E+02  1.4279E+00 -5.1302E-01 -1.6168E+00 -1.8752E+00 -1.6060E-02
             4.7526E-03 -1.2706E-01 -6.0752E-02

0ITERATION NO.:  125    OBJECTIVE VALUE:   19302.8118058235        NO. OF FUNC. EVALS.: 159
 CUMULATIVE NO. OF FUNC. EVALS.:     3591             RESET HESSIAN, TYPE I
 NPARAMETR:  7.0162E+00  5.6881E+00  4.2561E+00  1.3928E+00  3.8783E+00 -1.6118E-02  2.0205E-01  5.3968E-02  1.0131E-01  1.1197E-01
             8.4781E-02  6.2541E-02  8.2706E-02
 PARAMETER:  9.8820E-02  9.9792E-02  9.4580E-02  8.7048E-02  9.4593E-02 -7.3263E-03 -4.2623E-01 -4.1112E-01 -9.6204E-02 -4.6217E-02
            -1.8528E-01 -3.3741E-01 -1.9767E-01
 GRADIENT:   1.5934E+04  4.9800E+03  6.1837E+03  2.2853E+01  4.9393E+02  3.7416E+00  1.4703E+00  1.3888E+00  8.1163E-01  6.2906E-03
             8.1886E-02  2.6315E-03  3.0396E-02

0ITERATION NO.:  130    OBJECTIVE VALUE:   19302.7688113711        NO. OF FUNC. EVALS.: 141
 CUMULATIVE NO. OF FUNC. EVALS.:     3732
 NPARAMETR:  7.0208E+00  5.6942E+00  4.2559E+00  1.3930E+00  3.8768E+00 -1.6363E-02  2.0205E-01  5.3766E-02  1.0130E-01  1.1198E-01
             8.3812E-02  6.2765E-02  8.2716E-02
 PARAMETER:  9.8885E-02  9.9898E-02  9.4576E-02  8.7065E-02  9.4557E-02 -7.4378E-03 -4.2621E-01 -4.1300E-01 -9.6286E-02 -4.6154E-02
            -1.9103E-01 -3.3562E-01 -1.9761E-01
 GRADIENT:   2.9567E+04 -6.3661E+03  2.6596E+03 -5.2346E+00  9.3989E+01 -4.9260E-01  1.1157E-01  1.3652E+00  7.6812E-01 -3.6868E-02
             5.5107E-02  1.9086E-02 -9.7971E-03

0ITERATION NO.:  135    OBJECTIVE VALUE:   19302.7294471639        NO. OF FUNC. EVALS.: 146
 CUMULATIVE NO. OF FUNC. EVALS.:     3878
 NPARAMETR:  7.0239E+00  5.7021E+00  4.2559E+00  1.3939E+00  3.8751E+00 -1.6417E-02  2.0207E-01  5.3074E-02  1.0297E-01  1.1202E-01
             8.3316E-02  6.2968E-02  8.2785E-02
 PARAMETER:  9.8929E-02  1.0004E-01  9.4575E-02  8.7121E-02  9.4514E-02 -7.4625E-03 -4.2613E-01 -4.1947E-01 -8.8076E-02 -4.5991E-02
            -1.9400E-01 -3.3400E-01 -1.9719E-01
 GRADIENT:   2.9174E+04 -6.1678E+03  2.6638E+03  7.2924E+00  2.4277E+01 -2.2714E-01  7.7396E-01  1.3364E+00  1.1353E+00 -5.1072E-02
             7.7728E-02  1.1366E-02  6.1278E-02

0ITERATION NO.:  140    OBJECTIVE VALUE:   19302.6728224643        NO. OF FUNC. EVALS.: 159
 CUMULATIVE NO. OF FUNC. EVALS.:     4037             RESET HESSIAN, TYPE I
 NPARAMETR:  7.0309E+00  5.7089E+00  4.2557E+00  1.3932E+00  3.8745E+00 -1.6623E-02  2.0204E-01  5.1892E-02  1.0115E-01  1.1209E-01
             8.2044E-02  6.3104E-02  8.2767E-02
 PARAMETER:  9.9027E-02  1.0016E-01  9.4570E-02  8.7077E-02  9.4501E-02 -7.5558E-03 -4.2628E-01 -4.3073E-01 -9.7005E-02 -4.5687E-02
            -2.0169E-01 -3.3292E-01 -1.9730E-01
 GRADIENT:   1.5978E+04  5.0690E+03  6.1857E+03  1.6946E+01  5.6274E+02  4.6168E+00  6.4371E-01 -4.9749E-01 -6.2714E-01  9.1678E-03
            -1.5866E-02 -8.2376E-02 -6.8079E-02

0ITERATION NO.:  145    OBJECTIVE VALUE:   19302.6422615676        NO. OF FUNC. EVALS.: 141
 CUMULATIVE NO. OF FUNC. EVALS.:     4178
 NPARAMETR:  7.0346E+00  5.7140E+00  4.2555E+00  1.3936E+00  3.8732E+00 -1.6814E-02  2.0205E-01  5.1907E-02  1.0166E-01  1.1216E-01
             8.1939E-02  6.3259E-02  8.2795E-02
 PARAMETER:  9.9078E-02  1.0025E-01  9.4567E-02  8.7099E-02  9.4468E-02 -7.6426E-03 -4.2624E-01 -4.3059E-01 -9.4490E-02 -4.5367E-02
            -2.0233E-01 -3.3170E-01 -1.9713E-01
 GRADIENT:   2.9529E+04 -6.3821E+03  2.6613E+03 -7.8019E+00  1.3587E+02  2.3347E-01 -3.7384E-01 -9.9124E-02 -2.5164E-01  9.8119E-02
             2.0450E-02 -3.7759E-02 -2.6047E-02

0ITERATION NO.:  148    OBJECTIVE VALUE:   19302.6287493627        NO. OF FUNC. EVALS.:  89
 CUMULATIVE NO. OF FUNC. EVALS.:     4267
 NPARAMETR:  7.0352E+00  5.7180E+00  4.2555E+00  1.3946E+00  3.8720E+00 -1.6883E-02  2.0206E-01  5.1993E-02  1.0220E-01  1.1210E-01
             8.1849E-02  6.3338E-02  8.2825E-02
 PARAMETER:  9.9088E-02  1.0032E-01  9.4566E-02  8.7162E-02  9.4438E-02 -7.6742E-03 -4.2616E-01 -4.2976E-01 -9.1849E-02 -4.5633E-02
            -2.0288E-01 -3.3107E-01 -1.9695E-01
 GRADIENT:  -4.4671E+02 -4.5289E+01  6.4682E+00  6.0510E+00 -7.1974E+00  3.4487E-01  3.2269E-01  2.3919E-01  4.2868E-02 -8.8370E-02
             4.0078E-02 -1.7788E-02  2.5855E-02
 Elapsed estimation  time in seconds:  3059.75
 Elapsed covariance  time in seconds:   124.88
 Elapsed postprocess time in seconds:     1.03
 Elapsed finaloutput time in seconds:     0.11
 ERROR IN CLOSING FILES
Done with nonmem execution
